
> senc-ai@0.0.0 build
> tsc -b && vite build

src/pages/AdminDashboard.tsx(294,112): error TS2339: Property 'totalUsers' does not exist on type 'AdminStats'.
src/pages/AdminDashboard.tsx(309,129): error TS2339: Property 'totalConversations' does not exist on type 'AdminStats'.
src/pages/AdminDashboard.tsx(324,120): error TS2339: Property 'totalMessages' does not exist on type 'AdminStats'.
src/pages/AdminDashboard.tsx(341,65): error TS2339: Property 'status' does not exist on type '{ provider: string; count: number; total_keys: number; active_keys: number; }'.
src/pages/SettingsPage.tsx(105,27): error TS2339: Property 'created_at' does not exist on type 'User'.
src/pages/SettingsPage.tsx(111,20): error TS2339: Property 'created_at' does not exist on type 'User'.
src/pages/SettingsPage.tsx(124,24): error TS2339: Property 'created_at' does not exist on type 'User'.
